<?php return array (
  0 => 'Symfony\\Bundle\\FrameworkBundle\\Controller\\AbstractController',
  1 => 'App\\Controller\\Admin\\ArticleCrudController',
  2 => 'App\\Controller\\Admin\\CategoryCrudController',
  3 => 'App\\Controller\\Admin\\ComicCrudController',
  4 => 'App\\Controller\\Admin\\DashboardController',
  5 => 'App\\Controller\\Admin\\MemberCrudController',
  6 => 'App\\Controller\\Admin\\MemberProjectCrudController',
  7 => 'App\\Controller\\Admin\\MemberTypeCrudController',
  8 => 'App\\Controller\\Admin\\NewActualityCrudController',
  9 => 'App\\Controller\\Admin\\PartnerCrudController',
  10 => 'App\\Controller\\Admin\\PictureCrudController',
  11 => 'App\\Controller\\Admin\\PortfolioCrudController',
  12 => 'App\\Controller\\Admin\\PortfolioTypeCrudController',
  13 => 'App\\Controller\\Admin\\ProjectCrudController',
  14 => 'App\\Controller\\Admin\\RoleProjectCrudController',
  15 => 'App\\Controller\\Admin\\StateCrudController',
  16 => 'App\\Controller\\Admin\\SupportersCrudController',
  17 => 'App\\Controller\\Admin\\VideoCrudController',
  18 => 'App\\Controller\\GentleChefController',
  19 => 'App\\Controller\\SecurityController',
  20 => 'App\\Entity\\Article',
  21 => 'App\\Entity\\Category',
  22 => 'App\\Entity\\Comic',
  23 => 'App\\Entity\\DoctrineMigrationVersions',
  24 => 'App\\Entity\\Member',
  25 => 'App\\Entity\\MemberProject',
  26 => 'App\\Entity\\MemberType',
  27 => 'App\\Entity\\NewActuality',
  28 => 'App\\Entity\\Partner',
  29 => 'App\\Entity\\Picture',
  30 => 'App\\Entity\\Portfolio',
  31 => 'App\\Entity\\PortfolioType',
  32 => 'App\\Entity\\Project',
  33 => 'App\\Entity\\RoleProject',
  34 => 'App\\Entity\\State',
  35 => 'App\\Entity\\Supporters',
  36 => 'App\\Entity\\Video',
  37 => 'Doctrine\\Bundle\\DoctrineBundle\\Controller\\ProfilerController',
  38 => 'Doctrine\\ORM\\Cache\\Persister\\Entity\\AbstractEntityPersister',
  39 => 'Doctrine\\ORM\\Cache\\Persister\\Entity\\CachedEntityPersister',
  40 => 'Doctrine\\ORM\\Cache\\Persister\\Entity\\NonStrictReadWriteCachedEntityPersister',
  41 => 'Doctrine\\ORM\\Cache\\Persister\\Entity\\ReadOnlyCachedEntityPersister',
  42 => 'Doctrine\\ORM\\Cache\\Persister\\Entity\\ReadWriteCachedEntityPersister',
  43 => 'Doctrine\\ORM\\Persisters\\Entity\\AbstractEntityInheritancePersister',
  44 => 'Doctrine\\ORM\\Persisters\\Entity\\BasicEntityPersister',
  45 => 'Doctrine\\ORM\\Persisters\\Entity\\CachedPersisterContext',
  46 => 'Doctrine\\ORM\\Persisters\\Entity\\EntityPersister',
  47 => 'Doctrine\\ORM\\Persisters\\Entity\\JoinedSubclassPersister',
  48 => 'Doctrine\\ORM\\Persisters\\Entity\\SingleTablePersister',
  49 => 'EasyCorp\\Bundle\\EasyAdminBundle\\Contracts\\Controller\\CrudControllerInterface',
  50 => 'EasyCorp\\Bundle\\EasyAdminBundle\\Contracts\\Controller\\DashboardControllerInterface',
  51 => 'EasyCorp\\Bundle\\EasyAdminBundle\\Controller\\AbstractCrudController',
  52 => 'EasyCorp\\Bundle\\EasyAdminBundle\\Controller\\AbstractDashboardController',
  54 => 'Symfony\\Bundle\\FrameworkBundle\\Controller\\ControllerResolver',
  55 => 'Symfony\\Bundle\\FrameworkBundle\\Controller\\RedirectController',
  56 => 'Symfony\\Bundle\\FrameworkBundle\\Controller\\TemplateController',
  57 => 'Symfony\\Bundle\\WebProfilerBundle\\Controller\\ExceptionPanelController',
  58 => 'Symfony\\Bundle\\WebProfilerBundle\\Controller\\ProfilerController',
  59 => 'Symfony\\Bundle\\WebProfilerBundle\\Controller\\RouterController',
  60 => 'Symfony\\Component\\HttpKernel\\Controller\\ArgumentResolver',
  61 => 'Symfony\\Component\\HttpKernel\\Controller\\ArgumentResolverInterface',
  62 => 'Symfony\\Component\\HttpKernel\\Controller\\ArgumentResolver\\DefaultValueResolver',
  63 => 'Symfony\\Component\\HttpKernel\\Controller\\ArgumentResolver\\NotTaggedControllerValueResolver',
  64 => 'Symfony\\Component\\HttpKernel\\Controller\\ArgumentResolver\\RequestAttributeValueResolver',
  65 => 'Symfony\\Component\\HttpKernel\\Controller\\ArgumentResolver\\RequestValueResolver',
  66 => 'Symfony\\Component\\HttpKernel\\Controller\\ArgumentResolver\\ServiceValueResolver',
  67 => 'Symfony\\Component\\HttpKernel\\Controller\\ArgumentResolver\\SessionValueResolver',
  68 => 'Symfony\\Component\\HttpKernel\\Controller\\ArgumentResolver\\TraceableValueResolver',
  69 => 'Symfony\\Component\\HttpKernel\\Controller\\ArgumentResolver\\VariadicValueResolver',
  70 => 'Symfony\\Component\\HttpKernel\\Controller\\ArgumentValueResolverInterface',
  71 => 'Symfony\\Component\\HttpKernel\\Controller\\ContainerControllerResolver',
  72 => 'Symfony\\Component\\HttpKernel\\Controller\\ControllerReference',
  73 => 'Symfony\\Component\\HttpKernel\\Controller\\ControllerResolver',
  74 => 'Symfony\\Component\\HttpKernel\\Controller\\ControllerResolverInterface',
  75 => 'Symfony\\Component\\HttpKernel\\Controller\\ErrorController',
  76 => 'Symfony\\Component\\HttpKernel\\Controller\\TraceableArgumentResolver',
  77 => 'Symfony\\Component\\HttpKernel\\Controller\\TraceableControllerResolver',
  78 => 'Symfony\\Component\\Security\\Http\\Controller\\UserValueResolver',
  79 => 'Vich\\UploaderBundle\\Entity\\File',
);